[mickeywifhat.com/index.html]
[backblue.gif]
[fade.gif]
[index.html]
[mickeywifhat.com/wp-content/plugins/dynamic-content-for-elementor/assets/css/animations95b8.css]
[mickeywifhat.com/wp-content/themes/astra/assets/css/minified/main.mina02c.css]
[mickeywifhat.com/wp-content/plugins/elementor/assets/lib/eicons/css/elementor-icons.mind54b.css]
[mickeywifhat.com/wp-content/plugins/elementor/assets/css/frontend-lite.mince8e.css]
[mickeywifhat.com/index.php/feed/index.html]
[mickeywifhat.com/wp-content/plugins/elementor/assets/lib/swiper/v8/css/swiper.min94a4.css]
[mickeywifhat.com/index.php/comments/feed/index.html]
[mickeywifhat.com/wp-content/uploads/elementor/css/post-5b082.css]
[mickeywifhat.com/wp-content/plugins/dynamic-content-for-elementor/assets/css/style.min95b8.css]
[mickeywifhat.com/wp-includes/css/dashicons.min0757.css]
[mickeywifhat.com/wp-content/uploads/elementor/css/global4fa8.css]
[mickeywifhat.com/wp-content/uploads/elementor/css/post-10b233.css]
[mickeywifhat.com/wp-content/plugins/elementor/assets/lib/font-awesome/css/fontawesome.min52d5.css]
[mickeywifhat.com/wp-content/plugins/elementor/assets/lib/font-awesome/css/solid.min52d5.css]
[mickeywifhat.com/wp-content/plugins/elementor/assets/lib/font-awesome/css/brands.min52d5.css]
[mickeywifhat.com/wp-includes/js/jquery/jquery.min5aed.js]
[mickeywifhat.com/wp-includes/js/jquery/jquery-migrate.min6b00.js]
[mickeywifhat.com/index.php/wp-json/index.html]
[mickeywifhat.com/index.php/wp-json/wp/v2/pages/10.json]
[mickeywifhat.com/xmlrpc0db0.php]
[mickeywifhat.com/wp-includes/wlwmanifest.xml]
[mickeywifhat.com/index.php/wp-json/oembed/1.0/embeda61d.json]
[mickeywifhat.com/index.php/wp-json/oembed/1.0/embedea4a]
[mickeywifhat.com/wp-content/uploads/2023/04/cropped-8-32x32.png]
[mickeywifhat.com/wp-content/uploads/2023/04/cropped-8-192x192.png]
[mickeywifhat.com/wp-content/uploads/2023/04/cropped-8-180x180.png]
[mickeywifhat.com/wp-content/uploads/2024/03/cropped-mickeywifhat-asets-7-140x140.png]
[s12.gifyu.com/images/SVu8W.gif]
[s2.gifyu.com/images/cold-smooth--tasty.-1080--512px.gif]
[mickeywifhat.com/wp-content/uploads/2024/03/mickeywifhat-asets-11.png]
[mickeywifhat.com/wp-content/uploads/2024/03/mickeywifhat-asets-512-x-300-px.png]
[mickeywifhat.com/wp-content/uploads/2024/03/mickeywifhat-asets-512-x-300-px-3.png]
[mickeywifhat.com/wp-content/uploads/2024/03/mickeywifhat-asets-10.png]
[mickeywifhat.com/wp-content/uploads/2023/04/17-e1681248972472.png]
[mickeywifhat.com/wp-content/uploads/2024/03/mickeywifhat-asets-512-x-300-px-1-1.png]
[s10.gifyu.com/images/cold-smooth--tasty.-1080--512px-2.gif]
[mickeywifhat.com/wp-content/uploads/2023/04/2-1024x1024.png]
[mickeywifhat.com/wp-content/uploads/2023/04/3-1024x1024.png]
[mickeywifhat.com/wp-content/uploads/2023/04/4-1024x1024.png]
[s2.gifyu.com/images/cold-smooth--tasty.-1080--512px-1.gif]
[mickeywifhat.com/wp-content/uploads/2023/04/cold-smooth-tasty.-5-1024x1024.png]
[mickeywifhat.com/wp-content/plugins/dynamic-content-for-elementor/assets/css/dynamic-visibility.min95b8.css]
[mickeywifhat.com/wp-content/plugins/dynamic-content-for-elementor/assets/css/copy-to-clipboard.min95b8.css]
[mickeywifhat.com/wp-content/plugins/elementor/assets/lib/animations/animations.mince8e.css]
[mickeywifhat.com/wp-content/themes/astra/assets/js/minified/frontend.mina02c.js]
[mickeywifhat.com/wp-content/plugins/dynamic-content-for-elementor/assets/lib/clipboard.js/clipboard.min95b8.js]
[mickeywifhat.com/wp-content/plugins/elementor/assets/js/webpack.runtime.mince8e.js]
[mickeywifhat.com/wp-content/plugins/elementor/assets/js/frontend-modules.mince8e.js]
[mickeywifhat.com/wp-content/plugins/elementor/assets/lib/waypoints/waypoints.min05da.js]
[mickeywifhat.com/wp-includes/js/jquery/ui/core.min3f14.js]
[mickeywifhat.com/wp-content/plugins/elementor/assets/js/frontend.mince8e.js]
[mickeywifhat.com/wp-content/plugins/dynamic-content-for-elementor/assets/js/settings.min95b8.js]
[mickeywifhat.com/wp-content/plugins/dynamic-content-for-elementor/assets/js/fix-background-loop.min95b8.js]
[mickeywifhat.com/index.html]
[mickeywifhat.com/wp-content/plugins/dynamic-content-for-elementor/assets/css/animations95b8.css]
[mickeywifhat.com/wp-content/themes/astra/assets/css/minified/main.mina02c.css]
[mickeywifhat.com/wp-content/plugins/elementor/assets/lib/eicons/fonts/eicons8016.eot]
[mickeywifhat.com/wp-content/plugins/elementor/assets/lib/eicons/fonts/eicons8016.woff2]
[mickeywifhat.com/wp-content/plugins/elementor/assets/lib/eicons/fonts/eicons8016.woff]
[mickeywifhat.com/wp-content/plugins/elementor/assets/lib/eicons/fonts/eicons8016.ttf]
[mickeywifhat.com/wp-content/plugins/elementor/assets/lib/eicons/css/elementor-icons.mind54b.css]
[mickeywifhat.com/wp-content/plugins/elementor/assets/css/frontend-lite.mince8e.css]
[mickeywifhat.com/wp-content/plugins/elementor/assets/lib/swiper/v8/css/swiper.min94a4.css]
[mickeywifhat.com/wp-content/uploads/elementor/css/post-5b082.css]
[mickeywifhat.com/wp-content/plugins/dynamic-content-for-elementor/assets/css/style.min95b8.css]
[mickeywifhat.com/wp-content/plugins/elementor/assets/lib/eicons/fonts/eicons8016.svg]
[mickeywifhat.com/wp-includes/fonts/dashicons7d4b.eot]
[mickeywifhat.com/wp-includes/fonts/dashicons7d4b.ttf]
[mickeywifhat.com/wp-includes/css/dashicons.min0757.css]
[mickeywifhat.com/wp-content/uploads/elementor/css/global4fa8.css]
[mickeywifhat.com/wp-content/uploads/2023/04/3.png]
[mickeywifhat.com/wp-content/uploads/2023/04/7.png]
[mickeywifhat.com/wp-content/uploads/elementor/css/post-10b233.css]
[mickeywifhat.com/wp-content/plugins/elementor/assets/lib/font-awesome/css/fontawesome.min52d5.css]
[mickeywifhat.com/wp-content/plugins/elementor/assets/lib/font-awesome/webfonts/fa-solid-900.eot]
[mickeywifhat.com/wp-content/plugins/elementor/assets/lib/font-awesome/webfonts/fa-solid-900d41d.eot]
[mickeywifhat.com/wp-content/plugins/elementor/assets/lib/font-awesome/webfonts/fa-solid-900.woff2]
[mickeywifhat.com/wp-content/plugins/elementor/assets/lib/font-awesome/webfonts/fa-solid-900.woff]
[mickeywifhat.com/wp-content/plugins/elementor/assets/lib/font-awesome/webfonts/fa-solid-900.ttf]
[mickeywifhat.com/wp-content/plugins/elementor/assets/lib/font-awesome/css/solid.min52d5.css]
[mickeywifhat.com/wp-content/plugins/elementor/assets/lib/font-awesome/webfonts/fa-solid-900.svg]
[mickeywifhat.com/wp-content/plugins/elementor/assets/lib/font-awesome/webfonts/fa-brands-400.eot]
[mickeywifhat.com/wp-content/plugins/elementor/assets/lib/font-awesome/webfonts/fa-brands-400d41d.eot]
[mickeywifhat.com/wp-content/plugins/elementor/assets/lib/font-awesome/webfonts/fa-brands-400.woff2]
[mickeywifhat.com/wp-content/plugins/elementor/assets/lib/font-awesome/webfonts/fa-brands-400.woff]
[mickeywifhat.com/wp-content/plugins/elementor/assets/lib/font-awesome/webfonts/fa-brands-400.ttf]
[mickeywifhat.com/wp-content/plugins/elementor/assets/lib/font-awesome/css/brands.min52d5.css]
[mickeywifhat.com/wp-includes/js/jquery/jquery.min5aed.js]
[mickeywifhat.com/wp-includes/js/jquery/jquery-migrate.min6b00.js]
[mickeywifhat.com/wp-content/plugins/dynamic-content-for-elementor/assets/css/dynamic-visibility.min95b8.css]
[mickeywifhat.com/wp-content/plugins/dynamic-content-for-elementor/assets/css/copy-to-clipboard.min95b8.css]
[mickeywifhat.com/wp-content/plugins/elementor/assets/lib/animations/animations.mince8e.css]
[mickeywifhat.com/wp-content/themes/astra/assets/js/minified/frontend.mina02c.js]
[mickeywifhat.com/wp-content/plugins/dynamic-content-for-elementor/assets/lib/clipboard.js/clipboard.min95b8.js]
[mickeywifhat.com/wp-content/plugins/elementor/assets/js/webpack.runtime.mince8e.js]
[mickeywifhat.com/wp-content/plugins/elementor/assets/js/frontend-modules.mince8e.js]
[mickeywifhat.com/wp-content/plugins/elementor/assets/lib/waypoints/waypoints.min05da.js]
[mickeywifhat.com/wp-includes/js/jquery/ui/core.min3f14.js]
[mickeywifhat.com/wp-content/plugins/elementor/assets/lib/font-awesome/webfonts/fa-brands-400.svg]
[mickeywifhat.com/-negative.svg]
[mickeywifhat.com/wp-content/plugins/elementor/assets/js/frontend.mince8e.js]
[mickeywifhat.com/wp-content/plugins/dynamic-content-for-elementor/assets/js/settings.min95b8.js]
[mickeywifhat.com/wp-content/plugins/dynamic-content-for-elementor/assets/js/fix-background-loop.min95b8.js]
[mickeywifhat.com/wp-content/plugins/elementor/assets/lib/eicons/fonts/eicons8016.svg]
[mickeywifhat.com/wp-content/plugins/elementor/assets/lib/font-awesome/webfonts/fa-solid-900.svg]
[mickeywifhat.com/wp-content/plugins/elementor/assets/lib/font-awesome/webfonts/fa-brands-400.svg]
[mickeywifhat.com/-negative.html]
[mickeywifhat.com/OPR/index.html]
[mickeywifhat.com/OPR/index.html]
